[merin-1win-copy.vercel.app/index.html]
[backblue.gif]
[fade.gif]
[index.html]
[www.globo-laser.ru/wp-content/uploads/2025/02/image1.jpg]
[merin-1win-copy.vercel.app/static/media/favicon-32x32.png]
[merin-1win-copy.vercel.app/static/media/favicon-32x32-darkmode.png]
[merin-1win-copy.vercel.app/manifest.json]
[merin-1win-copy.vercel.app/static/media/safari-pinned-tab.svg]
[merin-1win-copy.vercel.app/static/css/index.aedf85995.css]
[merin-1win-copy.vercel.app/static/css/mobile.62566210e.css]
[merin-1win-copy.vercel.app/static/css/29593.5cfbdf24e.css]
[merin-1win-copy.vercel.app/static/css/20948.309322c35.css]
[merin-1win-copy.vercel.app/static/css/95818.a82353ce1.css]
[merin-1win-copy.vercel.app/static/css/5405.63e4b3499.css]
[merin-1win-copy.vercel.app/static/css/main.4a7afb73.css]
[merin-1win-copy.vercel.app/static/css/modal.css]
[merin-1win-copy.vercel.app/index-2.html]
[merin-1win-copy.vercel.app/static/media/tour-1.b6a3c18cd827983f3091.webp]
[merin-1win-copy.vercel.app/static/media/tour-2.6815bbba7f02489d72d5.webp]
[merin-1win-copy.vercel.app/static/media/star.png]
[merin-1win-copy.vercel.app/static/media/footer.a650de3af39c3672822e.webp]
[code.jquery.com/jquery-3.7.1.min.js]
[cdn.socket.io/4.8.1/socket.io.min.js]
[merin-1win-copy.vercel.app/index.html]
[merin-1win-copy.vercel.app/static/media/safari-pinned-tab.svg]
[merin-1win-copy.vercel.app/static/css/index.aedf85995.css]
[merin-1win-copy.vercel.app/static/js/app.js]
[v1.bundlecdn.com/img/bonus-freespins-complete-bg.0b2b948f4-270.png]
[v1.bundlecdn.com/img/bonus-freespins-wide-complete-bg.2f5051976-275.png]
[v1.bundlecdn.com/img/bonus-freespins-mobile-complete-bg.b0d05815d-216.png]
[v1.bundlecdn.com/img/bakground-free-bet.cc02347a0-1820.jpg]
[merin-1win-copy.vercel.app/static/css/mobile.62566210e.css]
[merin-1win-copy.vercel.app/static/css/61255.4f034e44e.css]
[merin-1win-copy.vercel.app/static/css/29593.5cfbdf24e.css]
[merin-1win-copy.vercel.app/static/css/20948.309322c35.css]
[merin-1win-copy.vercel.app/static/css/95818.a82353ce1.css]
[merin-1win-copy.vercel.app/static/css/5405.63e4b3499.css]
[merin-1win-copy.vercel.app/static/media/HalvarBreit-Blk.43394049e0d7b03e44a8.woff2]
[merin-1win-copy.vercel.app/static/media/HalvarBreit-Md.ac0c54aaad903ee400f5.woff2]
[merin-1win-copy.vercel.app/static/media/HalvarBreit-Bd.ed601a778947baf03a3f.woff2]
[merin-1win-copy.vercel.app/static/media/HalvarBreit-XBd.8357c9acb41ba0788b74.woff2]
[merin-1win-copy.vercel.app/static/media/HalvarBreit-Rg.6ededd6641646a37f35d.woff2]
[merin-1win-copy.vercel.app/static/media/SFPRODISPLAYREGULAR.d52afba30f6e0bf5bc5a.woff]
[merin-1win-copy.vercel.app/static/media/SFPRODISPLAYBOLD.7f4a27565643e9e936a3.woff]
[merin-1win-copy.vercel.app/static/media/FS Elliot ProBold.2367fcd2daaf4114f7ab.woff2]
[merin-1win-copy.vercel.app/static/media/FS Elliot ProRegular.05abfb4986712c1c8c1d.woff2]
[www-1win-mines.vercel.app/static/media/background.73ba94b4bcc4f49240cc.24.delayed]
[www-1win-mines.vercel.app/static/media/backgroundPhone.22ee95b37f8094fe25be.25.delayed]
[merin-1win-copy.vercel.app/static/media/particles.e53a48ca4d5fff68142d.svg]
[merin-1win-copy.vercel.app/static/media/wins.36784977c217fb572355.webp]
[merin-1win-copy.vercel.app/static/media/crack1.e5b5a512a5195e45d54f.svg]
[merin-1win-copy.vercel.app/static/media/crack2.5c66fca7c0e6b8b3f37a.svg]
[merin-1win-copy.vercel.app/static/media/cellsFrame.40eb57f7e28f2ca52ad4.png]
[merin-1win-copy.vercel.app/static/css/main.4a7afb73.css]
[merin-1win-copy.vercel.app/static/css/modal.css]
[merin-1win-copy.vercel.app/index-2.html]
[www-1win-mines.vercel.app/static/media/background.73ba94b4bcc4f49240cc.html]
[www-1win-mines.vercel.app/static/media/backgroundPhone.22ee95b37f8094fe25be.html]
[merin-1win-copy.vercel.app/static/media/particles.e53a48ca4d5fff68142d.svg]
[merin-1win-copy.vercel.app/static/media/crack1.e5b5a512a5195e45d54f.svg]
[merin-1win-copy.vercel.app/static/media/crack2.5c66fca7c0e6b8b3f37a.svg]
[merin-1win-copy.vercel.app/static/media/cells-mask.1a7021b147b7851ffef6.svg]
[merin-1win-copy.vercel.app/static/media/cells-mask.1a7021b147b7851ffef6.svg]
[mc.yandex.ru/metrika/tag.js]
